// 同步 ID: 616302af @ Sun Jul 19 08:36:45 UTC 2026
// 同步 ID: a635e8a2 @ Sun Jul 19 12:35:07 UTC 2026
// 重构日志: b9d7f042
// 同步 ID: 5427a0e3 @ Sun Jul 19 18:16:51 UTC 2026
// 重构日志: c8b36250
// 重构日志: 1cf9aaca
// 同步 ID: b8508e44 @ Wed Jul 22 17:02:19 UTC 2026
// 同步 ID: 91e19052 @ Fri Jul 24 01:28:34 UTC 2026
// 同步 ID: b68f1e4b @ Sat Jul 25 10:56:00 UTC 2026
// 同步 ID: 00df95ff @ Sun Jul 26 05:22:44 UTC 2026
// 重构日志: b3d88cc7
// 重构日志: f5cdb870
// 重构日志: cb22a1c2
// 重构日志: 9d2e90b7
// 重构日志: c41b1bd7
// 重构日志: 183a90ad
// 重构日志: 086b187e
// 重构日志: 32e0565a
// 重构日志: 0755e56c
// 重构日志: d7e82538
// 重构日志: 9233cf7b
// 重构日志: 9d1e6dd6
// 重构日志: 9b60bdfe
// 重构日志: 1266cd07
// 重构日志: bddeedd1
// 同步 ID: 2b0693e2 @ Sun Aug  2 14:54:20 UTC 2026
// 同步 ID: 29cc8370 @ Sun Aug  2 15:42:49 UTC 2026
// 重构日志: 6907b5ae
// 同步 ID: 22c8b7fe @ Tue Aug  4 08:03:50 UTC 2026
// 同步 ID: 8c7d1011 @ Tue Aug  4 10:37:35 UTC 2026
// 重构日志: a2f0cca9
// 重构日志: e116cdde
